###############################################################################
#
# IAR ANSI C/C++ Compiler V8.22.1.15669/W32 for ARM       14/Dec/2023  21:59:30
# Copyright 1999-2018 IAR Systems AB.
#
#    Cpu mode     =  thumb
#    Endian       =  little
#    Source file  =  
#        C:\Users\user\Desktop\1214\testing-ground-main\PROJECT\user\main.c
#    Command line =  
#        -f C:\Users\user\AppData\Local\Temp\EW596D.tmp
#        (C:\Users\user\Desktop\1214\testing-ground-main\PROJECT\user\main.c -D
#        USE_STDPERIPH_DRIVER -D STM32F10X_CL -lC
#        C:\Users\user\Desktop\1214\testing-ground-main\PROJECT\Debug\List -o
#        C:\Users\user\Desktop\1214\testing-ground-main\PROJECT\Debug\Obj
#        --no_cse --no_unroll --no_inline --no_code_motion --no_tbaa
#        --no_clustering --no_scheduling --debug --endian=little
#        --cpu=Cortex-M3 -e --fpu=None --dlib_config "C:\Program Files
#        (x86)\IAR Systems\Embedded Workbench
#        8.0\arm\INC\c\DLib_Config_Normal.h" -I
#        C:\Users\user\Desktop\1214\testing-ground-main\PROJECT\libraries\CMSIS\DeviceSupport\
#        -I
#        C:\Users\user\Desktop\1214\testing-ground-main\PROJECT\libraries\CMSIS\DeviceSupport\Startup\
#        -I
#        C:\Users\user\Desktop\1214\testing-ground-main\PROJECT\libraries\STM32F10x_StdPeriph_Driver_v3.5\inc\
#        -I
#        C:\Users\user\Desktop\1214\testing-ground-main\PROJECT\libraries\STM32F10x_StdPeriph_Driver_v3.5\src\
#        -I
#        C:\Users\user\Desktop\1214\testing-ground-main\PROJECT\libraries\LCD\
#        -I C:\Users\user\Desktop\1214\testing-ground-main\PROJECT\user\ -I
#        C:\Users\user\Desktop\1214\testing-ground-main\PROJECT\user\inc\ -I
#        C:\Users\user\Desktop\1214\testing-ground-main\PROJECT\libraries\ -I
#        C:\Users\user\Desktop\1214\testing-ground-main\PROJECT\libraries\USER\
#        -Ol -I "C:\Program Files (x86)\IAR Systems\Embedded Workbench
#        8.0\arm\CMSIS\Core\Include\" -I "C:\Program Files (x86)\IAR
#        Systems\Embedded Workbench 8.0\arm\CMSIS\DSP\Include\")
#    Locale       =  C
#    List file    =  
#        C:\Users\user\Desktop\1214\testing-ground-main\PROJECT\Debug\List\main.lst
#    Object file  =  
#        C:\Users\user\Desktop\1214\testing-ground-main\PROJECT\Debug\Obj\main.o
#
###############################################################################

C:\Users\user\Desktop\1214\testing-ground-main\PROJECT\user\main.c
      1          #include "stm32f10x.h"
      2          #include "core_cm3.h"
      3          #include "misc.h"
      4          #include "stm32f10x_gpio.h"
      5          #include "stm32f10x_rcc.h"
      6          #include "stm32f10x_usart.h"
      7          #include "stm32f10x_adc.h"
      8          #include "stm32f10x_tim.h"
      9          #include "lcd.h"
     10          #include "touch.h"
     11          #include "configuration.h"
     12          #include "definitions.h"
     13          #include "map.h"
     14          #include "motor.h"
     15          #include "move.h"
     16          #include <math.h>
     17          

   \                                 In section .text, align 4, keep-with-next
     18          int main(void)
     19          {
   \                     main: (+1)
   \   00000000   0xB580             PUSH     {R7,LR}
     20              RCC_Configuration();
   \   00000002   0x.... 0x....      BL       RCC_Configuration
     21              GPIO_Configuration();
   \   00000006   0x.... 0x....      BL       GPIO_Configuration
     22              EXTI_Configure();
   \   0000000A   0x.... 0x....      BL       EXTI_Configure
     23              USART12_Init();
   \   0000000E   0x.... 0x....      BL       USART12_Init
     24              NVIC_Configuration();
   \   00000012   0x.... 0x....      BL       NVIC_Configuration
     25              PWM_Configuration();
   \   00000016   0x.... 0x....      BL       PWM_Configuration
     26              TIM2_IRQHandler();
   \   0000001A   0x.... 0x....      BL       TIM2_IRQHandler
     27              
     28              Point current_Loc = {0, 0};
                           ^
Warning[Pe177]: variable "current_Loc" was declared but never referenced
   \   0000001E   0x4A08             LDR.N    R2,??main_0
   \   00000020   0xE9D2 0x0100      LDRD     R0,R1,[R2, #+0]
     29              
     30              initMap(source_Map, &source_Map_size, &source_Map_Idx);
   \   00000024   0x4A07             LDR.N    R2,??main_0+0x4
   \   00000026   0x4908             LDR.N    R1,??main_0+0x8
   \   00000028   0x4808             LDR.N    R0,??main_0+0xC
   \   0000002A   0x.... 0x....      BL       initMap
     31              
     32              //ONE_TICK_FORWARD();
     33              
     34              while(1)
     35              {
     36                FORWARD();
   \                     ??main_1: (+1)
   \   0000002E   0x.... 0x....      BL       FORWARD
     37                delay();
   \   00000032   0x.... 0x....      BL       delay
     38                STOP();
   \   00000036   0x.... 0x....      BL       STOP
     39                delay();
   \   0000003A   0x.... 0x....      BL       delay
   \   0000003E   0xE7F6             B.N      ??main_1
   \                     ??main_0:
   \   00000040   0x........         DC32     ?_0
   \   00000044   0x........         DC32     source_Map_Idx
   \   00000048   0x........         DC32     source_Map_size
   \   0000004C   0x........         DC32     source_Map
     40              }
     41          }

   \                                 In section .rodata, align 4
   \                     ?_0:
   \   00000000   0x00000000         DC32 0H, 0H
   \              0x00000000   
     42          

   Maximum stack usage in bytes:

   .cstack Function
   ------- --------
       8   main
         8   -> EXTI_Configure
         8   -> FORWARD
         8   -> GPIO_Configuration
         8   -> NVIC_Configuration
         8   -> PWM_Configuration
         8   -> RCC_Configuration
         8   -> STOP
         8   -> TIM2_IRQHandler
         8   -> USART12_Init
         8   -> delay
         8   -> initMap


   Section sizes:

   Bytes  Function/Label
   -----  --------------
       8  ?_0
      80  main

 
  8 bytes in section .rodata
 80 bytes in section .text
 
 80 bytes of CODE  memory
  8 bytes of CONST memory

Errors: none
Warnings: 1
