###############################################################################
#
# IAR ELF Linker V9.30.1.335/W64 for ARM                  22/Dec/2023  05:46:08
# Copyright 2007-2022 IAR Systems AB.
#
#    Output file  =
#        c:\Users\hyuunnnn\Documents\GitHub\iar\PROJECT\Debug\Exe\test.out
#    Map file     =
#        c:\Users\hyuunnnn\Documents\GitHub\iar\PROJECT\Debug\List\test.map
#    Command line =
#        -f
#        c:\Users\hyuunnnn\Documents\GitHub\iar\PROJECT\Debug\Exe\test.out.rsp
#        (c:\Users\hyuunnnn\Documents\GitHub\iar\PROJECT\Debug\Obj\libraries\USER\configuration.o
#        c:\Users\hyuunnnn\Documents\GitHub\iar\PROJECT\Debug\Obj\CoreSupport\core_cm3.o
#        c:\Users\hyuunnnn\Documents\GitHub\iar\PROJECT\Debug\Obj\libraries\LCD\lcd.o
#        c:\Users\hyuunnnn\Documents\GitHub\iar\PROJECT\Debug\Obj\user\main.o
#        c:\Users\hyuunnnn\Documents\GitHub\iar\PROJECT\Debug\Obj\libraries\USER\map.o
#        c:\Users\hyuunnnn\Documents\GitHub\iar\PROJECT\Debug\Obj\libraries\STM32F10x_StdPeriph_Driver_v3.5\src\misc.o
#        c:\Users\hyuunnnn\Documents\GitHub\iar\PROJECT\Debug\Obj\libraries\USER\motor.o
#        c:\Users\hyuunnnn\Documents\GitHub\iar\PROJECT\Debug\Obj\libraries\USER\move.o
#        c:\Users\hyuunnnn\Documents\GitHub\iar\PROJECT\Debug\Obj\libraries\CMSIS\DeviceSupport\Startup\startup_stm32f10x_cl.o
#        c:\Users\hyuunnnn\Documents\GitHub\iar\PROJECT\Debug\Obj\libraries\STM32F10x_StdPeriph_Driver_v3.5\src\stm32f10x_adc.o
#        c:\Users\hyuunnnn\Documents\GitHub\iar\PROJECT\Debug\Obj\libraries\STM32F10x_StdPeriph_Driver_v3.5\src\stm32f10x_bkp.o
#        c:\Users\hyuunnnn\Documents\GitHub\iar\PROJECT\Debug\Obj\libraries\STM32F10x_StdPeriph_Driver_v3.5\src\stm32f10x_can.o
#        c:\Users\hyuunnnn\Documents\GitHub\iar\PROJECT\Debug\Obj\libraries\STM32F10x_StdPeriph_Driver_v3.5\src\stm32f10x_cec.o
#        c:\Users\hyuunnnn\Documents\GitHub\iar\PROJECT\Debug\Obj\libraries\STM32F10x_StdPeriph_Driver_v3.5\src\stm32f10x_crc.o
#        c:\Users\hyuunnnn\Documents\GitHub\iar\PROJECT\Debug\Obj\libraries\STM32F10x_StdPeriph_Driver_v3.5\src\stm32f10x_dac.o
#        c:\Users\hyuunnnn\Documents\GitHub\iar\PROJECT\Debug\Obj\libraries\STM32F10x_StdPeriph_Driver_v3.5\src\stm32f10x_dbgmcu.o
#        c:\Users\hyuunnnn\Documents\GitHub\iar\PROJECT\Debug\Obj\libraries\STM32F10x_StdPeriph_Driver_v3.5\src\stm32f10x_dma.o
#        c:\Users\hyuunnnn\Documents\GitHub\iar\PROJECT\Debug\Obj\libraries\STM32F10x_StdPeriph_Driver_v3.5\src\stm32f10x_exti.o
#        c:\Users\hyuunnnn\Documents\GitHub\iar\PROJECT\Debug\Obj\libraries\STM32F10x_StdPeriph_Driver_v3.5\src\stm32f10x_flash.o
#        c:\Users\hyuunnnn\Documents\GitHub\iar\PROJECT\Debug\Obj\libraries\STM32F10x_StdPeriph_Driver_v3.5\src\stm32f10x_fsmc.o
#        c:\Users\hyuunnnn\Documents\GitHub\iar\PROJECT\Debug\Obj\libraries\STM32F10x_StdPeriph_Driver_v3.5\src\stm32f10x_gpio.o
#        c:\Users\hyuunnnn\Documents\GitHub\iar\PROJECT\Debug\Obj\libraries\STM32F10x_StdPeriph_Driver_v3.5\src\stm32f10x_i2c.o
#        c:\Users\hyuunnnn\Documents\GitHub\iar\PROJECT\Debug\Obj\user\stm32f10x_it.o
#        c:\Users\hyuunnnn\Documents\GitHub\iar\PROJECT\Debug\Obj\libraries\STM32F10x_StdPeriph_Driver_v3.5\src\stm32f10x_iwdg.o
#        c:\Users\hyuunnnn\Documents\GitHub\iar\PROJECT\Debug\Obj\libraries\STM32F10x_StdPeriph_Driver_v3.5\src\stm32f10x_pwr.o
#        c:\Users\hyuunnnn\Documents\GitHub\iar\PROJECT\Debug\Obj\libraries\STM32F10x_StdPeriph_Driver_v3.5\src\stm32f10x_rcc.o
#        c:\Users\hyuunnnn\Documents\GitHub\iar\PROJECT\Debug\Obj\libraries\STM32F10x_StdPeriph_Driver_v3.5\src\stm32f10x_rtc.o
#        c:\Users\hyuunnnn\Documents\GitHub\iar\PROJECT\Debug\Obj\libraries\STM32F10x_StdPeriph_Driver_v3.5\src\stm32f10x_sdio.o
#        c:\Users\hyuunnnn\Documents\GitHub\iar\PROJECT\Debug\Obj\libraries\STM32F10x_StdPeriph_Driver_v3.5\src\stm32f10x_spi.o
#        c:\Users\hyuunnnn\Documents\GitHub\iar\PROJECT\Debug\Obj\libraries\STM32F10x_StdPeriph_Driver_v3.5\src\stm32f10x_tim.o
#        c:\Users\hyuunnnn\Documents\GitHub\iar\PROJECT\Debug\Obj\libraries\STM32F10x_StdPeriph_Driver_v3.5\src\stm32f10x_usart.o
#        c:\Users\hyuunnnn\Documents\GitHub\iar\PROJECT\Debug\Obj\libraries\STM32F10x_StdPeriph_Driver_v3.5\src\stm32f10x_wwdg.o
#        c:\Users\hyuunnnn\Documents\GitHub\iar\PROJECT\Debug\Obj\libraries\CMSIS\DeviceSupport\system_stm32f10x.o
#        c:\Users\hyuunnnn\Documents\GitHub\iar\PROJECT\Debug\Obj\libraries\LCD\touch.o
#        --no_out_extension -o
#        c:\Users\hyuunnnn\Documents\GitHub\iar\PROJECT\Debug\Exe\test.out
#        --map
#        c:\Users\hyuunnnn\Documents\GitHub\iar\PROJECT\Debug\List\test.map
#        --log
#        libraries,initialization,modules,redirects,sections,veneers,unused_fragments,call_graph
#        --log_file
#        c:\Users\hyuunnnn\Documents\GitHub\iar\PROJECT\Debug\List\test.log
#        --config "C:\Program Files\IAR Systems\Embedded Workbench
#        9.1\arm/config/linker/ST/stm32f107xC.icf" --semihosting --entry
#        __iar_program_start --vfe --text_out locale --cpu=Cortex-M3
#        --fpu=None)
#
###############################################################################

*******************************************************************************
*** RUNTIME MODEL ATTRIBUTES
***

CppFlavor       = *
__CPP_Runtime   = 1
__SystemLibrary = DLib
__dlib_version  = 6


*******************************************************************************
*** HEAP SELECTION
***

The basic heap was selected because --advanced_heap
was not specified and the application did not appear to
be primarily optimized for speed.


*******************************************************************************
*** PLACEMENT SUMMARY
***

"A0":  place at address 0x800'0000 { ro section .intvec };
"P1":  place in [from 0x800'0000 to 0x803'ffff] { ro };
define block CSTACK with size = 4K, alignment = 8 { };
define block HEAP with size = 4K, alignment = 8 { };
"P2":  place in [from 0x2000'0000 to 0x2000'ffff] {
          rw, block CSTACK, block HEAP };
initialize by copy { rw };

  Section            Kind         Address    Size  Object
  -------            ----         -------    ----  ------
"A0":                                       0x150
  .intvec            ro code   0x800'0000   0x150  startup_stm32f10x_cl.o [3]
                             - 0x800'0150   0x150

"P1":                                      0x1f78
  .text              ro code   0x800'0150   0x5f4  configuration.o [6]
  .text              ro code   0x800'0744   0x14c  stm32f10x_rcc.o [5]
  .text              ro code   0x800'0890   0x120  stm32f10x_gpio.o [5]
  .text              ro code   0x800'09b0    0xb4  stm32f10x_exti.o [5]
  .text              ro code   0x800'0a64   0x1a6  stm32f10x_usart.o [5]
  .text              ro code   0x800'0c0a    0x2a  copy_init3.o [10]
  .text              ro code   0x800'0c34    0x80  misc.o [5]
  .text              ro code   0x800'0cb4   0x1d8  stm32f10x_tim.o [5]
  .text              ro code   0x800'0e8c    0xbc  motor.o [6]
  .text              ro code   0x800'0f48    0x24  S32ToFlt.o [9]
  .text              ro code   0x800'0f6c   0x162  FltAddSub.o [9]
  .text              ro code   0x800'10d0    0x2c  move.o [6]
  .text              ro code   0x800'10fc   0x234  cos_sin32.o [9]
  .text              ro code   0x800'1330    0x48  FltToDbl.o [9]
  .text              ro code   0x800'1378    0x22  S32ToDbl.o [9]
  .text              ro code   0x800'139c   0x1aa  DblMul.o [9]
  .text              ro code   0x800'1548   0x24e  DblAddSub.o [9]
  .text              ro code   0x800'1798    0x68  DblToFlt.o [9]
  .text              ro code   0x800'1800   0x246  DblDiv.o [9]
  .text              ro code   0x800'1a48    0xd8  FltMul.o [9]
  .text              ro code   0x800'1b20    0x28  FltCmpLe.o [9]
  .text              ro code   0x800'1b48    0x26  FltToS32.o [9]
  .text              ro code   0x800'1b70   0x168  main.o [7]
  .text              ro code   0x800'1cd8    0x2c  ceilf.o [9]
  .text              ro code   0x800'1d04    0x18  FltToU32.o [9]
  .text              ro code   0x800'1d1c   0x150  system_stm32f10x.o [2]
  .text              ro code   0x800'1e6c    0x38  zero_init3.o [10]
  Initializer bytes  const     0x800'1ea4    0x38  <for P2-1>
  .text              ro code   0x800'1edc    0x28  data_init.o [10]
  .iar.init_table    const     0x800'1f04    0x24  - Linker created -
  .text              ro code   0x800'1f28    0x1e  cmain.o [10]
  .text              ro code   0x800'1f46     0x4  low_level_init.o [8]
  .text              ro code   0x800'1f4a     0x4  exit.o [8]
  .text              ro code   0x800'1f50     0xa  cexit.o [10]
  .text              ro code   0x800'1f5c    0x14  exit.o [11]
  .text              ro code   0x800'1f70    0x1c  cstartup_M.o [10]
  .text              ro code   0x800'1f8c    0x12  stm32f10x_it.o [7]
  .text              ro code   0x800'1fa0    0x10  startup_stm32f10x_cl.o [3]
  .text              ro code   0x800'1fb0     0x4  startup_stm32f10x_cl.o [3]
  .text              ro code   0x800'1fb4     0x4  startup_stm32f10x_cl.o [3]
  .text              ro code   0x800'1fb8     0x4  startup_stm32f10x_cl.o [3]
  .text              ro code   0x800'1fbc     0x4  startup_stm32f10x_cl.o [3]
  .text              ro code   0x800'1fc0     0x4  startup_stm32f10x_cl.o [3]
  .text              ro code   0x800'1fc4     0x4  startup_stm32f10x_cl.o [3]
  .text              ro code   0x800'1fc8     0x4  startup_stm32f10x_cl.o [3]
  .text              ro code   0x800'1fcc     0x4  startup_stm32f10x_cl.o [3]
  .text              ro code   0x800'1fd0     0x4  startup_stm32f10x_cl.o [3]
  .text              ro code   0x800'1fd4     0x4  startup_stm32f10x_cl.o [3]
  .text              ro code   0x800'1fd8     0x4  startup_stm32f10x_cl.o [3]
  .text              ro code   0x800'1fdc     0x4  startup_stm32f10x_cl.o [3]
  .text              ro code   0x800'1fe0     0x4  startup_stm32f10x_cl.o [3]
  .text              ro code   0x800'1fe4     0x4  startup_stm32f10x_cl.o [3]
  .text              ro code   0x800'1fe8     0x4  startup_stm32f10x_cl.o [3]
  .text              ro code   0x800'1fec     0x4  startup_stm32f10x_cl.o [3]
  .text              ro code   0x800'1ff0     0x4  startup_stm32f10x_cl.o [3]
  .text              ro code   0x800'1ff4     0x4  startup_stm32f10x_cl.o [3]
  .text              ro code   0x800'1ff8     0x4  startup_stm32f10x_cl.o [3]
  .text              ro code   0x800'1ffc     0x4  startup_stm32f10x_cl.o [3]
  .text              ro code   0x800'2000     0x4  startup_stm32f10x_cl.o [3]
  .text              ro code   0x800'2004     0x4  startup_stm32f10x_cl.o [3]
  .text              ro code   0x800'2008     0x4  startup_stm32f10x_cl.o [3]
  .text              ro code   0x800'200c     0x4  startup_stm32f10x_cl.o [3]
  .text              ro code   0x800'2010     0x4  startup_stm32f10x_cl.o [3]
  .text              ro code   0x800'2014     0x4  startup_stm32f10x_cl.o [3]
  .text              ro code   0x800'2018     0x4  startup_stm32f10x_cl.o [3]
  .text              ro code   0x800'201c     0x4  startup_stm32f10x_cl.o [3]
  .text              ro code   0x800'2020     0x4  startup_stm32f10x_cl.o [3]
  .text              ro code   0x800'2024     0x4  startup_stm32f10x_cl.o [3]
  .text              ro code   0x800'2028     0x4  startup_stm32f10x_cl.o [3]
  .text              ro code   0x800'202c     0x4  startup_stm32f10x_cl.o [3]
  .text              ro code   0x800'2030     0x4  startup_stm32f10x_cl.o [3]
  .text              ro code   0x800'2034     0x4  startup_stm32f10x_cl.o [3]
  .text              ro code   0x800'2038     0x4  startup_stm32f10x_cl.o [3]
  .text              ro code   0x800'203c     0x4  startup_stm32f10x_cl.o [3]
  .text              ro code   0x800'2040     0x4  startup_stm32f10x_cl.o [3]
  .text              ro code   0x800'2044     0x4  startup_stm32f10x_cl.o [3]
  .text              ro code   0x800'2048     0x4  startup_stm32f10x_cl.o [3]
  .text              ro code   0x800'204c     0x4  startup_stm32f10x_cl.o [3]
  .text              ro code   0x800'2050     0x4  startup_stm32f10x_cl.o [3]
  .text              ro code   0x800'2054     0x4  startup_stm32f10x_cl.o [3]
  .text              ro code   0x800'2058     0x4  startup_stm32f10x_cl.o [3]
  .text              ro code   0x800'205c     0x4  startup_stm32f10x_cl.o [3]
  .text              ro code   0x800'2060     0x4  startup_stm32f10x_cl.o [3]
  .text              ro code   0x800'2064     0x4  startup_stm32f10x_cl.o [3]
  .text              ro code   0x800'2068     0x4  startup_stm32f10x_cl.o [3]
  .text              ro code   0x800'206c     0x4  startup_stm32f10x_cl.o [3]
  .text              ro code   0x800'2070     0x4  startup_stm32f10x_cl.o [3]
  .text              ro code   0x800'2074     0x4  startup_stm32f10x_cl.o [3]
  .text              ro code   0x800'2078     0x4  startup_stm32f10x_cl.o [3]
  .text              ro code   0x800'207c     0x4  startup_stm32f10x_cl.o [3]
  .text              ro code   0x800'2080     0x4  startup_stm32f10x_cl.o [3]
  .text              ro code   0x800'2084     0x4  startup_stm32f10x_cl.o [3]
  .text              ro code   0x800'2088     0x4  startup_stm32f10x_cl.o [3]
  .text              ro code   0x800'208c     0x4  startup_stm32f10x_cl.o [3]
  .text              ro code   0x800'2090     0x4  startup_stm32f10x_cl.o [3]
  .text              ro code   0x800'2094     0x4  startup_stm32f10x_cl.o [3]
  .text              ro code   0x800'2098     0x4  startup_stm32f10x_cl.o [3]
  .text              ro code   0x800'209c     0x4  startup_stm32f10x_cl.o [3]
  .text              ro code   0x800'20a0     0x4  startup_stm32f10x_cl.o [3]
  .text              ro code   0x800'20a4     0x4  startup_stm32f10x_cl.o [3]
  .text              ro code   0x800'20a8     0x4  startup_stm32f10x_cl.o [3]
  .text              ro code   0x800'20ac     0x4  startup_stm32f10x_cl.o [3]
  .text              ro code   0x800'20b0     0x4  startup_stm32f10x_cl.o [3]
  .text              ro code   0x800'20b4     0x4  startup_stm32f10x_cl.o [3]
  .text              ro code   0x800'20b8     0x4  startup_stm32f10x_cl.o [3]
  .text              ro code   0x800'20bc     0x4  startup_stm32f10x_cl.o [3]
  .text              ro code   0x800'20c0     0x4  startup_stm32f10x_cl.o [3]
  .text              ro code   0x800'20c4     0x4  startup_stm32f10x_cl.o [3]
  .rodata            const     0x800'20c8     0x0  zero_init3.o [10]
  .rodata            const     0x800'20c8     0x0  copy_init3.o [10]
                             - 0x800'20c8  0x1f78

"P2", part 1 of 3:                           0x38
  P2-1                        0x2000'0000    0x38  <Init block>
    .data            inited   0x2000'0000    0x20  configuration.o [6]
    .data            inited   0x2000'0020    0x10  stm32f10x_rcc.o [5]
    .data            inited   0x2000'0030     0x4  stm32f10x_rcc.o [5]
    .data            inited   0x2000'0034     0x4  system_stm32f10x.o [2]
                            - 0x2000'0038    0x38

"P2", part 2 of 3:                          0x36c
  .bss               zero     0x2000'0038   0x320  configuration.o [6]
  .bss               zero     0x2000'0358    0x10  configuration.o [6]
  .bss               zero     0x2000'0368     0xc  configuration.o [6]
  .bss               zero     0x2000'0374     0x8  configuration.o [6]
  .bss               zero     0x2000'037c     0x8  move.o [6]
  .bss               zero     0x2000'0384     0x4  configuration.o [6]
  .bss               zero     0x2000'0388     0x4  configuration.o [6]
  .bss               zero     0x2000'038c     0x4  configuration.o [6]
  .bss               zero     0x2000'0390     0x4  configuration.o [6]
  .bss               zero     0x2000'0394     0x4  configuration.o [6]
  .bss               zero     0x2000'0398     0x4  motor.o [6]
  .bss               zero     0x2000'039c     0x4  move.o [6]
  .bss               zero     0x2000'03a0     0x2  configuration.o [6]
                            - 0x2000'03a2   0x36a

"P2", part 3 of 3:                         0x1000
  CSTACK                      0x2000'03a8  0x1000  <Block>
    CSTACK           uninit   0x2000'03a8  0x1000  <Block tail>
                            - 0x2000'13a8  0x1000

Unused ranges:

         From           To      Size
         ----           --      ----
   0x800'20c8   0x803'ffff  0x3'df38
  0x2000'03a4  0x2000'03a7       0x4
  0x2000'13a8  0x2000'ffff    0xec58


*******************************************************************************
*** INIT TABLE
***

          Address      Size
          -------      ----
Zero (__iar_zero_init3)
    1 destination range, total size 0x36a:
          0x2000'0038  0x36a

Copy (__iar_copy_init3)
    1 source range, total size 0x38:
           0x800'1ea4   0x38
    1 destination range, total size 0x38:
          0x2000'0000   0x38



*******************************************************************************
*** MODULE SUMMARY
***

    Module                  ro code  ro data  rw data
    ------                  -------  -------  -------
command line/config:
    -------------------------------------------------
    Total:

c:\Users\hyuunnnn\Documents\GitHub\iar\PROJECT\Debug\Obj\CoreSupport: [1]
    -------------------------------------------------
    Total:

c:\Users\hyuunnnn\Documents\GitHub\iar\PROJECT\Debug\Obj\libraries\CMSIS\DeviceSupport: [2]
    system_stm32f10x.o          336        4        4
    -------------------------------------------------
    Total:                      336        4        4

c:\Users\hyuunnnn\Documents\GitHub\iar\PROJECT\Debug\Obj\libraries\CMSIS\DeviceSupport\Startup: [3]
    startup_stm32f10x_cl.o      632
    -------------------------------------------------
    Total:                      632

c:\Users\hyuunnnn\Documents\GitHub\iar\PROJECT\Debug\Obj\libraries\LCD: [4]
    -------------------------------------------------
    Total:

c:\Users\hyuunnnn\Documents\GitHub\iar\PROJECT\Debug\Obj\libraries\STM32F10x_StdPeriph_Driver_v3.5\src: [5]
    misc.o                      128
    stm32f10x_exti.o            180
    stm32f10x_gpio.o            288
    stm32f10x_rcc.o             332       20       20
    stm32f10x_tim.o             472
    stm32f10x_usart.o           422
    -------------------------------------------------
    Total:                    1'822       20       20

c:\Users\hyuunnnn\Documents\GitHub\iar\PROJECT\Debug\Obj\libraries\USER: [6]
    configuration.o           1'524       32      890
    motor.o                     188                 4
    move.o                       44                12
    -------------------------------------------------
    Total:                    1'756       32      906

c:\Users\hyuunnnn\Documents\GitHub\iar\PROJECT\Debug\Obj\user: [7]
    main.o                      360
    stm32f10x_it.o               18
    -------------------------------------------------
    Total:                      378

dl7M_tln.a: [8]
    exit.o                        4
    low_level_init.o              4
    -------------------------------------------------
    Total:                        8

m7M_tl.a: [9]
    DblAddSub.o                 590
    DblDiv.o                    582
    DblMul.o                    426
    DblToFlt.o                  104
    FltAddSub.o                 354
    FltCmpLe.o                   40
    FltMul.o                    216
    FltToDbl.o                   72
    FltToS32.o                   38
    FltToU32.o                   24
    S32ToDbl.o                   34
    S32ToFlt.o                   36
    ceilf.o                      44
    cos_sin32.o                 564
    -------------------------------------------------
    Total:                    3'124

rt7M_tl.a: [10]
    cexit.o                      10
    cmain.o                      30
    copy_init3.o                 42
    cstartup_M.o                 28
    data_init.o                  40
    zero_init3.o                 56
    -------------------------------------------------
    Total:                      206

shb_l.a: [11]
    exit.o                       20
    -------------------------------------------------
    Total:                       20

    Gaps                         18
    Linker created                        36    4'096
-----------------------------------------------------
    Grand Total:              8'300       92    5'026


*******************************************************************************
*** ENTRY LIST
***

Entry                       Address   Size  Type      Object
-----                       -------   ----  ----      ------
.iar.init_table$$Base    0x800'1f04          --   Gb  - Linker created -
.iar.init_table$$Limit   0x800'1f28          --   Gb  - Linker created -
?main                    0x800'1f29         Code  Gb  cmain.o [10]
ADC1_2_IRQHandler        0x800'201d         Code  Wk  startup_stm32f10x_cl.o [3]
ADCPrescTable           0x2000'0030    0x4  Data  Lc  stm32f10x_rcc.o [5]
APBAHBPrescTable        0x2000'0020   0x10  Data  Lc  stm32f10x_rcc.o [5]
BusFault_Handler         0x800'1f93    0x2  Code  Gb  stm32f10x_it.o [7]
CAN1_RX0_IRQHandler      0x800'2025         Code  Wk  startup_stm32f10x_cl.o [3]
CAN1_RX1_IRQHandler      0x800'2029         Code  Wk  startup_stm32f10x_cl.o [3]
CAN1_SCE_IRQHandler      0x800'202d         Code  Wk  startup_stm32f10x_cl.o [3]
CAN1_TX_IRQHandler       0x800'2021         Code  Wk  startup_stm32f10x_cl.o [3]
CAN2_RX0_IRQHandler      0x800'20b9         Code  Wk  startup_stm32f10x_cl.o [3]
CAN2_RX1_IRQHandler      0x800'20bd         Code  Wk  startup_stm32f10x_cl.o [3]
CAN2_SCE_IRQHandler      0x800'20c1         Code  Wk  startup_stm32f10x_cl.o [3]
CAN2_TX_IRQHandler       0x800'20b5         Code  Wk  startup_stm32f10x_cl.o [3]
COUNTER_CLOCKWISE_ROTATION
                         0x800'0f23    0xc  Code  Gb  motor.o [6]
CSTACK$$Base            0x2000'03a8          --   Gb  - Linker created -
CSTACK$$Limit           0x2000'13a8          --   Gb  - Linker created -
DMA1_Channel1_IRQHandler
                         0x800'2001         Code  Wk  startup_stm32f10x_cl.o [3]
DMA1_Channel2_IRQHandler
                         0x800'2005         Code  Wk  startup_stm32f10x_cl.o [3]
DMA1_Channel3_IRQHandler
                         0x800'2009         Code  Wk  startup_stm32f10x_cl.o [3]
DMA1_Channel4_IRQHandler
                         0x800'200d         Code  Wk  startup_stm32f10x_cl.o [3]
DMA1_Channel5_IRQHandler
                         0x800'2011         Code  Wk  startup_stm32f10x_cl.o [3]
DMA1_Channel6_IRQHandler
                         0x800'2015         Code  Wk  startup_stm32f10x_cl.o [3]
DMA1_Channel7_IRQHandler
                         0x800'2019         Code  Wk  startup_stm32f10x_cl.o [3]
DMA2_Channel1_IRQHandler
                         0x800'2099         Code  Wk  startup_stm32f10x_cl.o [3]
DMA2_Channel2_IRQHandler
                         0x800'209d         Code  Wk  startup_stm32f10x_cl.o [3]
DMA2_Channel3_IRQHandler
                         0x800'20a1         Code  Wk  startup_stm32f10x_cl.o [3]
DMA2_Channel4_IRQHandler
                         0x800'20a5         Code  Wk  startup_stm32f10x_cl.o [3]
DMA2_Channel5_IRQHandler
                         0x800'20a9         Code  Wk  startup_stm32f10x_cl.o [3]
DebugMon_Handler         0x800'1f99    0x2  Code  Gb  stm32f10x_it.o [7]
ETH_IRQHandler           0x800'20ad         Code  Wk  startup_stm32f10x_cl.o [3]
ETH_WKUP_IRQHandler      0x800'20b1         Code  Wk  startup_stm32f10x_cl.o [3]
EXTI0_IRQHandler         0x800'1fed         Code  Wk  startup_stm32f10x_cl.o [3]
EXTI15_10_IRQHandler     0x800'2075         Code  Wk  startup_stm32f10x_cl.o [3]
EXTI1_IRQHandler         0x800'1ff1         Code  Wk  startup_stm32f10x_cl.o [3]
EXTI2_IRQHandler         0x800'0587   0x1a  Code  Gb  configuration.o [6]
EXTI3_IRQHandler         0x800'1ff9         Code  Wk  startup_stm32f10x_cl.o [3]
EXTI4_IRQHandler         0x800'1ffd         Code  Wk  startup_stm32f10x_cl.o [3]
EXTI9_5_IRQHandler       0x800'0513   0x74  Code  Gb  configuration.o [6]
EXTI_ClearITPendingBit   0x800'0a49    0x6  Code  Gb  stm32f10x_exti.o [5]
EXTI_Configure           0x800'02c1   0x6e  Code  Gb  configuration.o [6]
EXTI_GetITStatus         0x800'0a29   0x20  Code  Gb  stm32f10x_exti.o [5]
EXTI_Init                0x800'09b1   0x78  Code  Gb  stm32f10x_exti.o [5]
EXTI_InitStructure      0x2000'0374    0x8  Data  Gb  configuration.o [6]
FLASH_IRQHandler         0x800'1fe5         Code  Wk  startup_stm32f10x_cl.o [3]
FORWARD                  0x800'0f0b    0xc  Code  Gb  motor.o [6]
GPIO_Configuration       0x800'01b3  0x10e  Code  Gb  configuration.o [6]
GPIO_EXTILineConfig      0x800'095f   0x4c  Code  Gb  stm32f10x_gpio.o [5]
GPIO_Init                0x800'0891   0xc2  Code  Gb  stm32f10x_gpio.o [5]
GPIO_ResetBits           0x800'0959    0x6  Code  Gb  stm32f10x_gpio.o [5]
GPIO_SetBits             0x800'0953    0x6  Code  Gb  stm32f10x_gpio.o [5]
HardFault_Handler        0x800'1f8f    0x2  Code  Gb  stm32f10x_it.o [7]
I2C1_ER_IRQHandler       0x800'2055         Code  Wk  startup_stm32f10x_cl.o [3]
I2C1_EV_IRQHandler       0x800'2051         Code  Wk  startup_stm32f10x_cl.o [3]
I2C2_ER_IRQHandler       0x800'205d         Code  Wk  startup_stm32f10x_cl.o [3]
I2C2_EV_IRQHandler       0x800'2059         Code  Wk  startup_stm32f10x_cl.o [3]
LEFT_MOTOR_FORWARD       0x800'0e9d   0x16  Code  Gb  motor.o [6]
LEFT_MOTOR_STOP          0x800'0eb3   0x16  Code  Gb  motor.o [6]
MemManage_Handler        0x800'1f91    0x2  Code  Gb  stm32f10x_it.o [7]
NMI_Handler              0x800'1f8d    0x2  Code  Gb  stm32f10x_it.o [7]
NVIC_Configuration       0x800'03b9   0xa8  Code  Gb  configuration.o [6]
NVIC_Init                0x800'0c3f   0x60  Code  Gb  misc.o [5]
NVIC_PriorityGroupConfig
                         0x800'0c35    0xa  Code  Gb  misc.o [5]
ONE_TICK_COUNTER_CLOCKWISE_ROTATION
                         0x800'0f35   0x14  Code  Gb  motor.o [6]
OTG_FS_IRQHandler        0x800'20c5         Code  Wk  startup_stm32f10x_cl.o [3]
OTG_FS_WKUP_IRQHandler   0x800'207d         Code  Wk  startup_stm32f10x_cl.o [3]
PVD_IRQHandler           0x800'1fd9         Code  Wk  startup_stm32f10x_cl.o [3]
PWM_Configuration        0x800'0461   0xb2  Code  Gb  configuration.o [6]
PendSV_Handler           0x800'1f9b    0x2  Code  Gb  stm32f10x_it.o [7]
RCC_APB1PeriphClockCmd   0x800'084f   0x1c  Code  Gb  stm32f10x_rcc.o [5]
RCC_APB2PeriphClockCmd   0x800'0833   0x1c  Code  Gb  stm32f10x_rcc.o [5]
RCC_Configuration        0x800'0151   0x62  Code  Gb  configuration.o [6]
RCC_GetClocksFreq        0x800'0745   0xee  Code  Gb  stm32f10x_rcc.o [5]
RCC_IRQHandler           0x800'1fe9         Code  Wk  startup_stm32f10x_cl.o [3]
RIGHT_MOTOR_BACKWARD     0x800'0edf   0x16  Code  Gb  motor.o [6]
RIGHT_MOTOR_FORWARD      0x800'0ec9   0x16  Code  Gb  motor.o [6]
RIGHT_MOTOR_STOP         0x800'0ef5   0x16  Code  Gb  motor.o [6]
RTCAlarm_IRQHandler      0x800'2079         Code  Wk  startup_stm32f10x_cl.o [3]
RTC_IRQHandler           0x800'1fe1         Code  Wk  startup_stm32f10x_cl.o [3]
Region$$Table$$Base      0x800'1f04          --   Gb  - Linker created -
Region$$Table$$Limit     0x800'1f28          --   Gb  - Linker created -
Reset_Handler            0x800'1fa1         Code  Wk  startup_stm32f10x_cl.o [3]
Right_Interrupt_Status  0x2000'03a0    0x2  Data  Gb  configuration.o [6]
SPI1_IRQHandler          0x800'2061         Code  Wk  startup_stm32f10x_cl.o [3]
SPI2_IRQHandler          0x800'2065         Code  Wk  startup_stm32f10x_cl.o [3]
SPI3_IRQHandler          0x800'2085         Code  Wk  startup_stm32f10x_cl.o [3]
STOP                     0x800'0f17    0xc  Code  Gb  motor.o [6]
SVC_Handler              0x800'1f97    0x2  Code  Gb  stm32f10x_it.o [7]
SetSysClock              0x800'1d6f    0x8  Code  Lc  system_stm32f10x.o [2]
SetSysClockTo72          0x800'1d77   0xd2  Code  Lc  system_stm32f10x.o [2]
SysTick_Handler          0x800'1f9d    0x2  Code  Gb  stm32f10x_it.o [7]
SystemCoreClock         0x2000'0034    0x4  Data  Gb  system_stm32f10x.o [2]
SystemInit               0x800'1d1d   0x52  Code  Gb  system_stm32f10x.o [2]
TAMPER_IRQHandler        0x800'1fdd         Code  Wk  startup_stm32f10x_cl.o [3]
TIM1_BRK_IRQHandler      0x800'2035         Code  Wk  startup_stm32f10x_cl.o [3]
TIM1_CC_IRQHandler       0x800'2041         Code  Wk  startup_stm32f10x_cl.o [3]
TIM1_TRG_COM_IRQHandler
                         0x800'203d         Code  Wk  startup_stm32f10x_cl.o [3]
TIM1_UP_IRQHandler       0x800'2039         Code  Wk  startup_stm32f10x_cl.o [3]
TIM2_IRQHandler          0x800'05a1   0x52  Code  Gb  configuration.o [6]
TIM3_IRQHandler          0x800'2049         Code  Wk  startup_stm32f10x_cl.o [3]
TIM4_IRQHandler          0x800'05f3   0x98  Code  Gb  configuration.o [6]
TIM5_IRQHandler          0x800'2081         Code  Wk  startup_stm32f10x_cl.o [3]
TIM6_IRQHandler          0x800'2091         Code  Wk  startup_stm32f10x_cl.o [3]
TIM7_IRQHandler          0x800'2095         Code  Wk  startup_stm32f10x_cl.o [3]
TIM_ARRPreloadConfig     0x800'0e03   0x1c  Code  Gb  stm32f10x_tim.o [5]
TIM_ClearITPendingBit    0x800'0e57    0x8  Code  Gb  stm32f10x_tim.o [5]
TIM_Cmd                  0x800'0dcf   0x1c  Code  Gb  stm32f10x_tim.o [5]
TIM_GetITStatus          0x800'0e33   0x24  Code  Gb  stm32f10x_tim.o [5]
TIM_ITConfig             0x800'0deb   0x18  Code  Gb  stm32f10x_tim.o [5]
TIM_OC3Init              0x800'0d47   0x88  Code  Gb  stm32f10x_tim.o [5]
TIM_OC3PreloadConfig     0x800'0e1f   0x10  Code  Gb  stm32f10x_tim.o [5]
TIM_OCInitStructure     0x2000'0358   0x10  Data  Gb  configuration.o [6]
TIM_SetCounter           0x800'0e2f    0x4  Code  Gb  stm32f10x_tim.o [5]
TIM_TimeBaseInit         0x800'0cb5   0x92  Code  Gb  stm32f10x_tim.o [5]
TIM_TimeBaseStructure   0x2000'0368    0xc  Data  Gb  configuration.o [6]
UART4_IRQHandler         0x800'2089         Code  Wk  startup_stm32f10x_cl.o [3]
UART5_IRQHandler         0x800'208d         Code  Wk  startup_stm32f10x_cl.o [3]
USART12_Init             0x800'032f   0x8a  Code  Gb  configuration.o [6]
USART1_IRQHandler        0x800'068b   0x2e  Code  Gb  configuration.o [6]
USART2_IRQHandler        0x800'06b9   0x2e  Code  Gb  configuration.o [6]
USART3_IRQHandler        0x800'2071         Code  Wk  startup_stm32f10x_cl.o [3]
USARTDelay               0x800'1b71    0xe  Code  Gb  main.o [7]
USART_ClearITPendingBit
                         0x800'0bf5   0x16  Code  Gb  stm32f10x_usart.o [5]
USART_Cmd                0x800'0b25   0x1c  Code  Gb  stm32f10x_usart.o [5]
USART_GetITStatus        0x800'0b9b   0x5a  Code  Gb  stm32f10x_usart.o [5]
USART_ITConfig           0x800'0b41   0x4a  Code  Gb  stm32f10x_usart.o [5]
USART_Init               0x800'0a65   0xba  Code  Gb  stm32f10x_usart.o [5]
USART_ReceiveData        0x800'0b93    0x8  Code  Gb  stm32f10x_usart.o [5]
USART_SendData           0x800'0b8b    0x8  Code  Gb  stm32f10x_usart.o [5]
UsageFault_Handler       0x800'1f95    0x2  Code  Gb  stm32f10x_it.o [7]
WWDG_IRQHandler          0x800'1fd5         Code  Wk  startup_stm32f10x_cl.o [3]
__aeabi_cfcmple          0x800'1b21         Code  Gb  FltCmpLe.o [9]
__aeabi_d2f              0x800'1799         Code  Gb  DblToFlt.o [9]
__aeabi_dadd             0x800'1549         Code  Gb  DblAddSub.o [9]
__aeabi_ddiv             0x800'1801         Code  Gb  DblDiv.o [9]
__aeabi_dmul             0x800'139d         Code  Gb  DblMul.o [9]
__aeabi_f2d              0x800'1331         Code  Gb  FltToDbl.o [9]
__aeabi_f2iz             0x800'1b49         Code  Gb  FltToS32.o [9]
__aeabi_f2uiz            0x800'1d05         Code  Gb  FltToU32.o [9]
__aeabi_fadd             0x800'0f6d         Code  Gb  FltAddSub.o [9]
__aeabi_fmul             0x800'1a49         Code  Gb  FltMul.o [9]
__aeabi_i2d              0x800'1379         Code  Gb  S32ToDbl.o [9]
__aeabi_i2f              0x800'0f49         Code  Gb  S32ToFlt.o [9]
__cmain                  0x800'1f29         Code  Gb  cmain.o [10]
__exit                   0x800'1f5d   0x14  Code  Gb  exit.o [11]
__iar_Sin32              0x800'10fd  0x1fa  Code  Lc  cos_sin32.o [9]
__iar_ceil32             0x800'1cd9         Code  Gb  ceilf.o [9]
__iar_copy_init3         0x800'0c0b   0x2a  Code  Gb  copy_init3.o [10]
__iar_cos32              0x800'1329    0x4  Code  Gb  cos_sin32.o [9]
__iar_cos_medium32       0x800'1329    0x4  Code  Gb  cos_sin32.o [9]
__iar_cos_mediumf        0x800'1329    0x4  Code  Gb  cos_sin32.o [9]
__iar_data_init3         0x800'1edd   0x28  Code  Gb  data_init.o [10]
__iar_program_start      0x800'1f71         Code  Gb  cstartup_M.o [10]
__iar_sin32              0x800'132d    0x4  Code  Gb  cos_sin32.o [9]
__iar_sin_medium32       0x800'132d    0x4  Code  Gb  cos_sin32.o [9]
__iar_sin_mediumf        0x800'132d    0x4  Code  Gb  cos_sin32.o [9]
__iar_zero_init3         0x800'1e6d   0x38  Code  Gb  zero_init3.o [10]
__low_level_init         0x800'1f47    0x4  Code  Gb  low_level_init.o [8]
__vector_table           0x800'0000         Data  Gb  startup_stm32f10x_cl.o [3]
_call_main               0x800'1f35         Code  Gb  cmain.o [10]
_exit                    0x800'1f51         Code  Gb  cexit.o [10]
ceilf                    0x800'1cd9         Code  Gb  ceilf.o [9]
cosf                     0x800'1329    0x4  Code  Gb  cos_sin32.o [9]
delay                    0x800'0e8d   0x10  Code  Gb  motor.o [6]
dir                     0x2000'0000   0x20  Data  Gb  configuration.o [6]
dir_Idx                 0x2000'0390    0x4  Data  Gb  configuration.o [6]
exit                     0x800'1f4b    0x4  Code  Gb  exit.o [8]
global_Current_Point    0x2000'037c    0x8  Data  Gb  move.o [6]
global_Theta            0x2000'039c    0x4  Data  Gb  move.o [6]
inner_Map               0x2000'0038  0x320  Data  Gb  configuration.o [6]
inner_Map_Idx           0x2000'0394    0x4  Data  Gb  configuration.o [6]
integerToString          0x800'1b7f   0x30  Code  Gb  main.o [7]
isClockWise             0x2000'038c    0x4  Data  Gb  configuration.o [6]
isDark                  0x2000'0384    0x4  Data  Gb  configuration.o [6]
isInturrupted           0x2000'0388    0x4  Data  Gb  configuration.o [6]
isRotate                0x2000'0398    0x4  Data  Gb  motor.o [6]
main                     0x800'1c47   0x6c  Code  Gb  main.o [7]
sendCurrentPoint         0x800'1bdb   0x6c  Code  Gb  main.o [7]
sendWords                0x800'1baf   0x2c  Code  Gb  main.o [7]
sinf                     0x800'132d    0x4  Code  Gb  cos_sin32.o [9]
thetaToRad               0x800'10d1   0x20  Code  Gb  move.o [6]


[1] = c:\Users\hyuunnnn\Documents\GitHub\iar\PROJECT\Debug\Obj\CoreSupport
[2] = c:\Users\hyuunnnn\Documents\GitHub\iar\PROJECT\Debug\Obj\libraries\CMSIS\DeviceSupport
[3] = c:\Users\hyuunnnn\Documents\GitHub\iar\PROJECT\Debug\Obj\libraries\CMSIS\DeviceSupport\Startup
[4] = c:\Users\hyuunnnn\Documents\GitHub\iar\PROJECT\Debug\Obj\libraries\LCD
[5] = c:\Users\hyuunnnn\Documents\GitHub\iar\PROJECT\Debug\Obj\libraries\STM32F10x_StdPeriph_Driver_v3.5\src
[6] = c:\Users\hyuunnnn\Documents\GitHub\iar\PROJECT\Debug\Obj\libraries\USER
[7] = c:\Users\hyuunnnn\Documents\GitHub\iar\PROJECT\Debug\Obj\user
[8] = dl7M_tln.a
[9] = m7M_tl.a
[10] = rt7M_tl.a
[11] = shb_l.a

  8'300 bytes of readonly  code memory
     92 bytes of readonly  data memory
  5'026 bytes of readwrite data memory

Errors: none
Warnings: none
