###############################################################################
#
# IAR ELF Linker V9.30.1.335/W64 for ARM                  21/Dec/2023  22:48:25
# Copyright 2007-2022 IAR Systems AB.
#
#    Output file  =
#        C:\Users\hyuunnnn\Desktop\temptemp\testing-ground-cda8245e2e235e810093876e6cf13ad1e43a4a22\PROJECT\Debug\Exe\test.out
#    Map file     =
#        C:\Users\hyuunnnn\Desktop\temptemp\testing-ground-cda8245e2e235e810093876e6cf13ad1e43a4a22\PROJECT\Debug\List\test.map
#    Command line =
#        -f
#        C:\Users\hyuunnnn\Desktop\temptemp\testing-ground-cda8245e2e235e810093876e6cf13ad1e43a4a22\PROJECT\Debug\Exe\test.out.rsp
#        (C:\Users\hyuunnnn\Desktop\temptemp\testing-ground-cda8245e2e235e810093876e6cf13ad1e43a4a22\PROJECT\Debug\Obj\libraries\USER\configuration.o
#        C:\Users\hyuunnnn\Desktop\temptemp\testing-ground-cda8245e2e235e810093876e6cf13ad1e43a4a22\PROJECT\Debug\Obj\CoreSupport\core_cm3.o
#        C:\Users\hyuunnnn\Desktop\temptemp\testing-ground-cda8245e2e235e810093876e6cf13ad1e43a4a22\PROJECT\Debug\Obj\libraries\LCD\lcd.o
#        C:\Users\hyuunnnn\Desktop\temptemp\testing-ground-cda8245e2e235e810093876e6cf13ad1e43a4a22\PROJECT\Debug\Obj\user\main.o
#        C:\Users\hyuunnnn\Desktop\temptemp\testing-ground-cda8245e2e235e810093876e6cf13ad1e43a4a22\PROJECT\Debug\Obj\libraries\USER\map.o
#        C:\Users\hyuunnnn\Desktop\temptemp\testing-ground-cda8245e2e235e810093876e6cf13ad1e43a4a22\PROJECT\Debug\Obj\libraries\STM32F10x_StdPeriph_Driver_v3.5\src\misc.o
#        C:\Users\hyuunnnn\Desktop\temptemp\testing-ground-cda8245e2e235e810093876e6cf13ad1e43a4a22\PROJECT\Debug\Obj\libraries\USER\motor.o
#        C:\Users\hyuunnnn\Desktop\temptemp\testing-ground-cda8245e2e235e810093876e6cf13ad1e43a4a22\PROJECT\Debug\Obj\libraries\USER\move.o
#        C:\Users\hyuunnnn\Desktop\temptemp\testing-ground-cda8245e2e235e810093876e6cf13ad1e43a4a22\PROJECT\Debug\Obj\libraries\CMSIS\DeviceSupport\Startup\startup_stm32f10x_cl.o
#        C:\Users\hyuunnnn\Desktop\temptemp\testing-ground-cda8245e2e235e810093876e6cf13ad1e43a4a22\PROJECT\Debug\Obj\libraries\STM32F10x_StdPeriph_Driver_v3.5\src\stm32f10x_adc.o
#        C:\Users\hyuunnnn\Desktop\temptemp\testing-ground-cda8245e2e235e810093876e6cf13ad1e43a4a22\PROJECT\Debug\Obj\libraries\STM32F10x_StdPeriph_Driver_v3.5\src\stm32f10x_bkp.o
#        C:\Users\hyuunnnn\Desktop\temptemp\testing-ground-cda8245e2e235e810093876e6cf13ad1e43a4a22\PROJECT\Debug\Obj\libraries\STM32F10x_StdPeriph_Driver_v3.5\src\stm32f10x_can.o
#        C:\Users\hyuunnnn\Desktop\temptemp\testing-ground-cda8245e2e235e810093876e6cf13ad1e43a4a22\PROJECT\Debug\Obj\libraries\STM32F10x_StdPeriph_Driver_v3.5\src\stm32f10x_cec.o
#        C:\Users\hyuunnnn\Desktop\temptemp\testing-ground-cda8245e2e235e810093876e6cf13ad1e43a4a22\PROJECT\Debug\Obj\libraries\STM32F10x_StdPeriph_Driver_v3.5\src\stm32f10x_crc.o
#        C:\Users\hyuunnnn\Desktop\temptemp\testing-ground-cda8245e2e235e810093876e6cf13ad1e43a4a22\PROJECT\Debug\Obj\libraries\STM32F10x_StdPeriph_Driver_v3.5\src\stm32f10x_dac.o
#        C:\Users\hyuunnnn\Desktop\temptemp\testing-ground-cda8245e2e235e810093876e6cf13ad1e43a4a22\PROJECT\Debug\Obj\libraries\STM32F10x_StdPeriph_Driver_v3.5\src\stm32f10x_dbgmcu.o
#        C:\Users\hyuunnnn\Desktop\temptemp\testing-ground-cda8245e2e235e810093876e6cf13ad1e43a4a22\PROJECT\Debug\Obj\libraries\STM32F10x_StdPeriph_Driver_v3.5\src\stm32f10x_dma.o
#        C:\Users\hyuunnnn\Desktop\temptemp\testing-ground-cda8245e2e235e810093876e6cf13ad1e43a4a22\PROJECT\Debug\Obj\libraries\STM32F10x_StdPeriph_Driver_v3.5\src\stm32f10x_exti.o
#        C:\Users\hyuunnnn\Desktop\temptemp\testing-ground-cda8245e2e235e810093876e6cf13ad1e43a4a22\PROJECT\Debug\Obj\libraries\STM32F10x_StdPeriph_Driver_v3.5\src\stm32f10x_flash.o
#        C:\Users\hyuunnnn\Desktop\temptemp\testing-ground-cda8245e2e235e810093876e6cf13ad1e43a4a22\PROJECT\Debug\Obj\libraries\STM32F10x_StdPeriph_Driver_v3.5\src\stm32f10x_fsmc.o
#        C:\Users\hyuunnnn\Desktop\temptemp\testing-ground-cda8245e2e235e810093876e6cf13ad1e43a4a22\PROJECT\Debug\Obj\libraries\STM32F10x_StdPeriph_Driver_v3.5\src\stm32f10x_gpio.o
#        C:\Users\hyuunnnn\Desktop\temptemp\testing-ground-cda8245e2e235e810093876e6cf13ad1e43a4a22\PROJECT\Debug\Obj\libraries\STM32F10x_StdPeriph_Driver_v3.5\src\stm32f10x_i2c.o
#        C:\Users\hyuunnnn\Desktop\temptemp\testing-ground-cda8245e2e235e810093876e6cf13ad1e43a4a22\PROJECT\Debug\Obj\user\stm32f10x_it.o
#        C:\Users\hyuunnnn\Desktop\temptemp\testing-ground-cda8245e2e235e810093876e6cf13ad1e43a4a22\PROJECT\Debug\Obj\libraries\STM32F10x_StdPeriph_Driver_v3.5\src\stm32f10x_iwdg.o
#        C:\Users\hyuunnnn\Desktop\temptemp\testing-ground-cda8245e2e235e810093876e6cf13ad1e43a4a22\PROJECT\Debug\Obj\libraries\STM32F10x_StdPeriph_Driver_v3.5\src\stm32f10x_pwr.o
#        C:\Users\hyuunnnn\Desktop\temptemp\testing-ground-cda8245e2e235e810093876e6cf13ad1e43a4a22\PROJECT\Debug\Obj\libraries\STM32F10x_StdPeriph_Driver_v3.5\src\stm32f10x_rcc.o
#        C:\Users\hyuunnnn\Desktop\temptemp\testing-ground-cda8245e2e235e810093876e6cf13ad1e43a4a22\PROJECT\Debug\Obj\libraries\STM32F10x_StdPeriph_Driver_v3.5\src\stm32f10x_rtc.o
#        C:\Users\hyuunnnn\Desktop\temptemp\testing-ground-cda8245e2e235e810093876e6cf13ad1e43a4a22\PROJECT\Debug\Obj\libraries\STM32F10x_StdPeriph_Driver_v3.5\src\stm32f10x_sdio.o
#        C:\Users\hyuunnnn\Desktop\temptemp\testing-ground-cda8245e2e235e810093876e6cf13ad1e43a4a22\PROJECT\Debug\Obj\libraries\STM32F10x_StdPeriph_Driver_v3.5\src\stm32f10x_spi.o
#        C:\Users\hyuunnnn\Desktop\temptemp\testing-ground-cda8245e2e235e810093876e6cf13ad1e43a4a22\PROJECT\Debug\Obj\libraries\STM32F10x_StdPeriph_Driver_v3.5\src\stm32f10x_tim.o
#        C:\Users\hyuunnnn\Desktop\temptemp\testing-ground-cda8245e2e235e810093876e6cf13ad1e43a4a22\PROJECT\Debug\Obj\libraries\STM32F10x_StdPeriph_Driver_v3.5\src\stm32f10x_usart.o
#        C:\Users\hyuunnnn\Desktop\temptemp\testing-ground-cda8245e2e235e810093876e6cf13ad1e43a4a22\PROJECT\Debug\Obj\libraries\STM32F10x_StdPeriph_Driver_v3.5\src\stm32f10x_wwdg.o
#        C:\Users\hyuunnnn\Desktop\temptemp\testing-ground-cda8245e2e235e810093876e6cf13ad1e43a4a22\PROJECT\Debug\Obj\libraries\CMSIS\DeviceSupport\system_stm32f10x.o
#        C:\Users\hyuunnnn\Desktop\temptemp\testing-ground-cda8245e2e235e810093876e6cf13ad1e43a4a22\PROJECT\Debug\Obj\libraries\LCD\touch.o
#        --no_out_extension -o
#        C:\Users\hyuunnnn\Desktop\temptemp\testing-ground-cda8245e2e235e810093876e6cf13ad1e43a4a22\PROJECT\Debug\Exe\test.out
#        --map
#        C:\Users\hyuunnnn\Desktop\temptemp\testing-ground-cda8245e2e235e810093876e6cf13ad1e43a4a22\PROJECT\Debug\List\test.map
#        --log
#        libraries,initialization,modules,redirects,sections,veneers,unused_fragments,call_graph
#        --log_file
#        C:\Users\hyuunnnn\Desktop\temptemp\testing-ground-cda8245e2e235e810093876e6cf13ad1e43a4a22\PROJECT\Debug\List\test.log
#        --config "C:\Program Files\IAR Systems\Embedded Workbench
#        9.1\arm/config/linker/ST/stm32f107xC.icf" --semihosting --entry
#        __iar_program_start --vfe --text_out locale --cpu=Cortex-M3
#        --fpu=None)
#
###############################################################################

*******************************************************************************
*** RUNTIME MODEL ATTRIBUTES
***

CppFlavor       = *
__CPP_Runtime   = 1
__SystemLibrary = DLib
__dlib_version  = 6


*******************************************************************************
*** HEAP SELECTION
***

The basic heap was selected because --advanced_heap
was not specified and the application did not appear to
be primarily optimized for speed.


*******************************************************************************
*** PLACEMENT SUMMARY
***

"A0":  place at address 0x800'0000 { ro section .intvec };
"P1":  place in [from 0x800'0000 to 0x803'ffff] { ro };
define block CSTACK with size = 4K, alignment = 8 { };
define block HEAP with size = 4K, alignment = 8 { };
"P2":  place in [from 0x2000'0000 to 0x2000'ffff] {
          rw, block CSTACK, block HEAP };
initialize by copy { rw };

  Section            Kind         Address    Size  Object
  -------            ----         -------    ----  ------
"A0":                                       0x150
  .intvec            ro code   0x800'0000   0x150  startup_stm32f10x_cl.o [3]
                             - 0x800'0150   0x150

"P1":                                      0x1ebd
  .text              ro code   0x800'0150   0x6b4  configuration.o [6]
  .text              ro code   0x800'0804   0x14c  stm32f10x_rcc.o [5]
  .text              ro code   0x800'0950   0x134  stm32f10x_gpio.o [5]
  .text              ro code   0x800'0a84    0xb4  stm32f10x_exti.o [5]
  .text              ro code   0x800'0b38   0x1a6  stm32f10x_usart.o [5]
  .text              ro code   0x800'0cde    0x3a  packbits_init_single.o [10]
  .text              ro code   0x800'0d18    0x80  misc.o [5]
  .text              ro code   0x800'0d98   0x1d8  stm32f10x_tim.o [5]
  .text              ro code   0x800'0f70    0xe8  motor.o [6]
  .text              ro code   0x800'1058    0x2c  move.o [6]
  .text              ro code   0x800'1084   0x234  cos_sin32.o [9]
  .text              ro code   0x800'12b8    0x48  FltToDbl.o [9]
  .text              ro code   0x800'1300    0x22  S32ToDbl.o [9]
  .text              ro code   0x800'1324   0x24e  DblAddSub.o [9]
  .text              ro code   0x800'1574    0x68  DblToFlt.o [9]
  .text              ro code   0x800'15dc    0x24  S32ToFlt.o [9]
  .text              ro code   0x800'1600   0x1aa  DblMul.o [9]
  .text              ro code   0x800'17ac   0x246  DblDiv.o [9]
  .text              ro code   0x800'19f4    0xd8  FltMul.o [9]
  .text              ro code   0x800'1acc    0x28  FltCmpLe.o [9]
  .text              ro code   0x800'1af4   0x162  FltAddSub.o [9]
  .text              ro code   0x800'1c58    0x26  FltToS32.o [9]
  .text              ro code   0x800'1c80   0x150  system_stm32f10x.o [2]
  .text              ro code   0x800'1dd0    0x44  main.o [7]
  .text              ro code   0x800'1e14    0x28  data_init.o [10]
  .iar.init_table    const     0x800'1e3c    0x10  - Linker created -
  .text              ro code   0x800'1e4c    0x1e  cmain.o [10]
  .text              ro code   0x800'1e6a     0x4  low_level_init.o [8]
  .text              ro code   0x800'1e6e     0x4  exit.o [8]
  .text              ro code   0x800'1e74     0xa  cexit.o [10]
  .text              ro code   0x800'1e80    0x14  exit.o [11]
  .text              ro code   0x800'1e94    0x1c  cstartup_M.o [10]
  .text              ro code   0x800'1eb0    0x12  stm32f10x_it.o [7]
  .text              ro code   0x800'1ec4    0x10  startup_stm32f10x_cl.o [3]
  .rodata            const     0x800'1ed4     0x8  main.o [7]
  .text              ro code   0x800'1edc     0x4  startup_stm32f10x_cl.o [3]
  .text              ro code   0x800'1ee0     0x4  startup_stm32f10x_cl.o [3]
  .text              ro code   0x800'1ee4     0x4  startup_stm32f10x_cl.o [3]
  .text              ro code   0x800'1ee8     0x4  startup_stm32f10x_cl.o [3]
  .text              ro code   0x800'1eec     0x4  startup_stm32f10x_cl.o [3]
  .text              ro code   0x800'1ef0     0x4  startup_stm32f10x_cl.o [3]
  .text              ro code   0x800'1ef4     0x4  startup_stm32f10x_cl.o [3]
  .text              ro code   0x800'1ef8     0x4  startup_stm32f10x_cl.o [3]
  .text              ro code   0x800'1efc     0x4  startup_stm32f10x_cl.o [3]
  .text              ro code   0x800'1f00     0x4  startup_stm32f10x_cl.o [3]
  .text              ro code   0x800'1f04     0x4  startup_stm32f10x_cl.o [3]
  .text              ro code   0x800'1f08     0x4  startup_stm32f10x_cl.o [3]
  .text              ro code   0x800'1f0c     0x4  startup_stm32f10x_cl.o [3]
  .text              ro code   0x800'1f10     0x4  startup_stm32f10x_cl.o [3]
  .text              ro code   0x800'1f14     0x4  startup_stm32f10x_cl.o [3]
  .text              ro code   0x800'1f18     0x4  startup_stm32f10x_cl.o [3]
  .text              ro code   0x800'1f1c     0x4  startup_stm32f10x_cl.o [3]
  .text              ro code   0x800'1f20     0x4  startup_stm32f10x_cl.o [3]
  .text              ro code   0x800'1f24     0x4  startup_stm32f10x_cl.o [3]
  .text              ro code   0x800'1f28     0x4  startup_stm32f10x_cl.o [3]
  .text              ro code   0x800'1f2c     0x4  startup_stm32f10x_cl.o [3]
  .text              ro code   0x800'1f30     0x4  startup_stm32f10x_cl.o [3]
  .text              ro code   0x800'1f34     0x4  startup_stm32f10x_cl.o [3]
  .text              ro code   0x800'1f38     0x4  startup_stm32f10x_cl.o [3]
  .text              ro code   0x800'1f3c     0x4  startup_stm32f10x_cl.o [3]
  .text              ro code   0x800'1f40     0x4  startup_stm32f10x_cl.o [3]
  .text              ro code   0x800'1f44     0x4  startup_stm32f10x_cl.o [3]
  .text              ro code   0x800'1f48     0x4  startup_stm32f10x_cl.o [3]
  .text              ro code   0x800'1f4c     0x4  startup_stm32f10x_cl.o [3]
  .text              ro code   0x800'1f50     0x4  startup_stm32f10x_cl.o [3]
  .text              ro code   0x800'1f54     0x4  startup_stm32f10x_cl.o [3]
  .text              ro code   0x800'1f58     0x4  startup_stm32f10x_cl.o [3]
  .text              ro code   0x800'1f5c     0x4  startup_stm32f10x_cl.o [3]
  .text              ro code   0x800'1f60     0x4  startup_stm32f10x_cl.o [3]
  .text              ro code   0x800'1f64     0x4  startup_stm32f10x_cl.o [3]
  .text              ro code   0x800'1f68     0x4  startup_stm32f10x_cl.o [3]
  .text              ro code   0x800'1f6c     0x4  startup_stm32f10x_cl.o [3]
  .text              ro code   0x800'1f70     0x4  startup_stm32f10x_cl.o [3]
  .text              ro code   0x800'1f74     0x4  startup_stm32f10x_cl.o [3]
  .text              ro code   0x800'1f78     0x4  startup_stm32f10x_cl.o [3]
  .text              ro code   0x800'1f7c     0x4  startup_stm32f10x_cl.o [3]
  .text              ro code   0x800'1f80     0x4  startup_stm32f10x_cl.o [3]
  .text              ro code   0x800'1f84     0x4  startup_stm32f10x_cl.o [3]
  .text              ro code   0x800'1f88     0x4  startup_stm32f10x_cl.o [3]
  .text              ro code   0x800'1f8c     0x4  startup_stm32f10x_cl.o [3]
  .text              ro code   0x800'1f90     0x4  startup_stm32f10x_cl.o [3]
  .text              ro code   0x800'1f94     0x4  startup_stm32f10x_cl.o [3]
  .text              ro code   0x800'1f98     0x4  startup_stm32f10x_cl.o [3]
  .text              ro code   0x800'1f9c     0x4  startup_stm32f10x_cl.o [3]
  .text              ro code   0x800'1fa0     0x4  startup_stm32f10x_cl.o [3]
  .text              ro code   0x800'1fa4     0x4  startup_stm32f10x_cl.o [3]
  .text              ro code   0x800'1fa8     0x4  startup_stm32f10x_cl.o [3]
  .text              ro code   0x800'1fac     0x4  startup_stm32f10x_cl.o [3]
  .text              ro code   0x800'1fb0     0x4  startup_stm32f10x_cl.o [3]
  .text              ro code   0x800'1fb4     0x4  startup_stm32f10x_cl.o [3]
  .text              ro code   0x800'1fb8     0x4  startup_stm32f10x_cl.o [3]
  .text              ro code   0x800'1fbc     0x4  startup_stm32f10x_cl.o [3]
  .text              ro code   0x800'1fc0     0x4  startup_stm32f10x_cl.o [3]
  .text              ro code   0x800'1fc4     0x4  startup_stm32f10x_cl.o [3]
  .text              ro code   0x800'1fc8     0x4  startup_stm32f10x_cl.o [3]
  .text              ro code   0x800'1fcc     0x4  startup_stm32f10x_cl.o [3]
  .text              ro code   0x800'1fd0     0x4  startup_stm32f10x_cl.o [3]
  .text              ro code   0x800'1fd4     0x4  startup_stm32f10x_cl.o [3]
  .text              ro code   0x800'1fd8     0x4  startup_stm32f10x_cl.o [3]
  .text              ro code   0x800'1fdc     0x4  startup_stm32f10x_cl.o [3]
  .text              ro code   0x800'1fe0     0x4  startup_stm32f10x_cl.o [3]
  .text              ro code   0x800'1fe4     0x4  startup_stm32f10x_cl.o [3]
  .text              ro code   0x800'1fe8     0x4  startup_stm32f10x_cl.o [3]
  .text              ro code   0x800'1fec     0x4  startup_stm32f10x_cl.o [3]
  .text              ro code   0x800'1ff0     0x4  startup_stm32f10x_cl.o [3]
  .rodata            const     0x800'1ff4     0x0  packbits_init_single.o [10]
  Initializer bytes  const     0x800'1ff4    0x19  <for P2-1>
                             - 0x800'200d  0x1ebd

"P2", part 1 of 2:                           0x52
  P2-1                        0x2000'0000    0x52  <Init block>
    .data            inited   0x2000'0000    0x10  stm32f10x_rcc.o [5]
    .data            inited   0x2000'0010     0x4  stm32f10x_rcc.o [5]
    .data            inited   0x2000'0014     0x4  system_stm32f10x.o [2]
    .bss             inited   0x2000'0018     0x4  configuration.o [6]
    .bss             inited   0x2000'001c     0x4  configuration.o [6]
    .bss             inited   0x2000'0020     0x8  configuration.o [6]
    .bss             inited   0x2000'0028     0xc  configuration.o [6]
    .bss             inited   0x2000'0034    0x10  configuration.o [6]
    .bss             inited   0x2000'0044     0x4  move.o [6]
    .bss             inited   0x2000'0048     0x8  move.o [6]
    .bss             inited   0x2000'0050     0x2  configuration.o [6]
                            - 0x2000'0052    0x52

"P2", part 2 of 2:                         0x1000
  CSTACK                      0x2000'0058  0x1000  <Block>
    CSTACK           uninit   0x2000'0058  0x1000  <Block tail>
                            - 0x2000'1058  0x1000

Unused ranges:

         From           To      Size
         ----           --      ----
   0x800'200d   0x803'ffff  0x3'dff3
  0x2000'0052  0x2000'0057       0x6
  0x2000'1058  0x2000'ffff    0xefa8


*******************************************************************************
*** INIT TABLE
***

          Address      Size
          -------      ----
Copy/packbits (__iar_packbits_init_single3)
    1 source range, total size 0x19 (30% of destination):
           0x800'1ff4  0x19
    1 destination range, total size 0x52:
          0x2000'0000  0x52



*******************************************************************************
*** MODULE SUMMARY
***

    Module                  ro code  ro data  rw data
    ------                  -------  -------  -------
command line/config:
    -------------------------------------------------
    Total:

C:\Users\hyuunnnn\Desktop\temptemp\testing-ground-cda8245e2e235e810093876e6cf13ad1e43a4a22\PROJECT\Debug\Obj\CoreSupport: [1]
    -------------------------------------------------
    Total:

C:\Users\hyuunnnn\Desktop\temptemp\testing-ground-cda8245e2e235e810093876e6cf13ad1e43a4a22\PROJECT\Debug\Obj\libraries\CMSIS\DeviceSupport: [2]
    system_stm32f10x.o          336        1        4
    -------------------------------------------------
    Total:                      336        1        4

C:\Users\hyuunnnn\Desktop\temptemp\testing-ground-cda8245e2e235e810093876e6cf13ad1e43a4a22\PROJECT\Debug\Obj\libraries\CMSIS\DeviceSupport\Startup: [3]
    startup_stm32f10x_cl.o      632
    -------------------------------------------------
    Total:                      632

C:\Users\hyuunnnn\Desktop\temptemp\testing-ground-cda8245e2e235e810093876e6cf13ad1e43a4a22\PROJECT\Debug\Obj\libraries\LCD: [4]
    -------------------------------------------------
    Total:

C:\Users\hyuunnnn\Desktop\temptemp\testing-ground-cda8245e2e235e810093876e6cf13ad1e43a4a22\PROJECT\Debug\Obj\libraries\STM32F10x_StdPeriph_Driver_v3.5\src: [5]
    misc.o                      128
    stm32f10x_exti.o            180
    stm32f10x_gpio.o            308
    stm32f10x_rcc.o             332        6       20
    stm32f10x_tim.o             472
    stm32f10x_usart.o           422
    -------------------------------------------------
    Total:                    1'842        6       20

C:\Users\hyuunnnn\Desktop\temptemp\testing-ground-cda8245e2e235e810093876e6cf13ad1e43a4a22\PROJECT\Debug\Obj\libraries\USER: [6]
    configuration.o           1'716       14       46
    motor.o                     232
    move.o                       44        4       12
    -------------------------------------------------
    Total:                    1'992       18       58

C:\Users\hyuunnnn\Desktop\temptemp\testing-ground-cda8245e2e235e810093876e6cf13ad1e43a4a22\PROJECT\Debug\Obj\user: [7]
    main.o                       68        8
    stm32f10x_it.o               18
    -------------------------------------------------
    Total:                       86        8

dl7M_tln.a: [8]
    exit.o                        4
    low_level_init.o              4
    -------------------------------------------------
    Total:                        8

m7M_tl.a: [9]
    DblAddSub.o                 590
    DblDiv.o                    582
    DblMul.o                    426
    DblToFlt.o                  104
    FltAddSub.o                 354
    FltCmpLe.o                   40
    FltMul.o                    216
    FltToDbl.o                   72
    FltToS32.o                   38
    S32ToDbl.o                   34
    S32ToFlt.o                   36
    cos_sin32.o                 564
    -------------------------------------------------
    Total:                    3'056

rt7M_tl.a: [10]
    cexit.o                      10
    cmain.o                      30
    cstartup_M.o                 28
    data_init.o                  40
    packbits_init_single.o       58
    -------------------------------------------------
    Total:                      166

shb_l.a: [11]
    exit.o                       20
    -------------------------------------------------
    Total:                       20

    Gaps                         18
    Linker created                        16    4'096
-----------------------------------------------------
    Grand Total:              8'156       49    4'178


*******************************************************************************
*** ENTRY LIST
***

Entry                       Address   Size  Type      Object
-----                       -------   ----  ----      ------
.iar.init_table$$Base    0x800'1e3c          --   Gb  - Linker created -
.iar.init_table$$Limit   0x800'1e4c          --   Gb  - Linker created -
?main                    0x800'1e4d         Code  Gb  cmain.o [10]
ADC1_2_IRQHandler        0x800'1f49         Code  Wk  startup_stm32f10x_cl.o [3]
ADCPrescTable           0x2000'0010    0x4  Data  Lc  stm32f10x_rcc.o [5]
APBAHBPrescTable        0x2000'0000   0x10  Data  Lc  stm32f10x_rcc.o [5]
BusFault_Handler         0x800'1eb7    0x2  Code  Gb  stm32f10x_it.o [7]
CAN1_RX0_IRQHandler      0x800'1f51         Code  Wk  startup_stm32f10x_cl.o [3]
CAN1_RX1_IRQHandler      0x800'1f55         Code  Wk  startup_stm32f10x_cl.o [3]
CAN1_SCE_IRQHandler      0x800'1f59         Code  Wk  startup_stm32f10x_cl.o [3]
CAN1_TX_IRQHandler       0x800'1f4d         Code  Wk  startup_stm32f10x_cl.o [3]
CAN2_RX0_IRQHandler      0x800'1fe5         Code  Wk  startup_stm32f10x_cl.o [3]
CAN2_RX1_IRQHandler      0x800'1fe9         Code  Wk  startup_stm32f10x_cl.o [3]
CAN2_SCE_IRQHandler      0x800'1fed         Code  Wk  startup_stm32f10x_cl.o [3]
CAN2_TX_IRQHandler       0x800'1fe1         Code  Wk  startup_stm32f10x_cl.o [3]
CLOCKWISE_ROTATION       0x800'1001    0xc  Code  Gb  motor.o [6]
COUNTER_CLOCKWISE_ROTATION
                         0x800'100d    0xc  Code  Gb  motor.o [6]
CSTACK$$Base            0x2000'0058          --   Gb  - Linker created -
CSTACK$$Limit           0x2000'1058          --   Gb  - Linker created -
DMA1_Channel1_IRQHandler
                         0x800'1f2d         Code  Wk  startup_stm32f10x_cl.o [3]
DMA1_Channel2_IRQHandler
                         0x800'1f31         Code  Wk  startup_stm32f10x_cl.o [3]
DMA1_Channel3_IRQHandler
                         0x800'1f35         Code  Wk  startup_stm32f10x_cl.o [3]
DMA1_Channel4_IRQHandler
                         0x800'1f39         Code  Wk  startup_stm32f10x_cl.o [3]
DMA1_Channel5_IRQHandler
                         0x800'1f3d         Code  Wk  startup_stm32f10x_cl.o [3]
DMA1_Channel6_IRQHandler
                         0x800'1f41         Code  Wk  startup_stm32f10x_cl.o [3]
DMA1_Channel7_IRQHandler
                         0x800'1f45         Code  Wk  startup_stm32f10x_cl.o [3]
DMA2_Channel1_IRQHandler
                         0x800'1fc5         Code  Wk  startup_stm32f10x_cl.o [3]
DMA2_Channel2_IRQHandler
                         0x800'1fc9         Code  Wk  startup_stm32f10x_cl.o [3]
DMA2_Channel3_IRQHandler
                         0x800'1fcd         Code  Wk  startup_stm32f10x_cl.o [3]
DMA2_Channel4_IRQHandler
                         0x800'1fd1         Code  Wk  startup_stm32f10x_cl.o [3]
DMA2_Channel5_IRQHandler
                         0x800'1fd5         Code  Wk  startup_stm32f10x_cl.o [3]
DebugMon_Handler         0x800'1ebd    0x2  Code  Gb  stm32f10x_it.o [7]
ETH_IRQHandler           0x800'1fd9         Code  Wk  startup_stm32f10x_cl.o [3]
ETH_WKUP_IRQHandler      0x800'1fdd         Code  Wk  startup_stm32f10x_cl.o [3]
EXTI0_IRQHandler         0x800'1f19         Code  Wk  startup_stm32f10x_cl.o [3]
EXTI15_10_IRQHandler     0x800'05b1   0x64  Code  Gb  configuration.o [6]
EXTI1_IRQHandler         0x800'1f1d         Code  Wk  startup_stm32f10x_cl.o [3]
EXTI2_IRQHandler         0x800'0615   0x74  Code  Gb  configuration.o [6]
EXTI3_IRQHandler         0x800'1f25         Code  Wk  startup_stm32f10x_cl.o [3]
EXTI4_IRQHandler         0x800'1f29         Code  Wk  startup_stm32f10x_cl.o [3]
EXTI9_5_IRQHandler       0x800'0547   0x6a  Code  Gb  configuration.o [6]
EXTI_ClearITPendingBit   0x800'0b1d    0x6  Code  Gb  stm32f10x_exti.o [5]
EXTI_Configure           0x800'02a7   0xae  Code  Gb  configuration.o [6]
EXTI_GetITStatus         0x800'0afd   0x20  Code  Gb  stm32f10x_exti.o [5]
EXTI_Init                0x800'0a85   0x78  Code  Gb  stm32f10x_exti.o [5]
EXTI_InitStructure      0x2000'0020    0x8  Data  Gb  configuration.o [6]
FLASH_IRQHandler         0x800'1f11         Code  Wk  startup_stm32f10x_cl.o [3]
GPIO_Configuration       0x800'01b3   0xf4  Code  Gb  configuration.o [6]
GPIO_EXTILineConfig      0x800'0a33   0x4c  Code  Gb  stm32f10x_gpio.o [5]
GPIO_Init                0x800'0951   0xc2  Code  Gb  stm32f10x_gpio.o [5]
GPIO_ReadInputDataBit    0x800'0a13   0x14  Code  Gb  stm32f10x_gpio.o [5]
GPIO_ResetBits           0x800'0a2d    0x6  Code  Gb  stm32f10x_gpio.o [5]
GPIO_SetBits             0x800'0a27    0x6  Code  Gb  stm32f10x_gpio.o [5]
HardFault_Handler        0x800'1eb3    0x2  Code  Gb  stm32f10x_it.o [7]
I2C1_ER_IRQHandler       0x800'1f81         Code  Wk  startup_stm32f10x_cl.o [3]
I2C1_EV_IRQHandler       0x800'1f7d         Code  Wk  startup_stm32f10x_cl.o [3]
I2C2_ER_IRQHandler       0x800'1f89         Code  Wk  startup_stm32f10x_cl.o [3]
I2C2_EV_IRQHandler       0x800'1f85         Code  Wk  startup_stm32f10x_cl.o [3]
LEFT_MOTOR_BACKWARD      0x800'0f87   0x16  Code  Gb  motor.o [6]
LEFT_MOTOR_FORWARD       0x800'0f71   0x16  Code  Gb  motor.o [6]
LEFT_MOTOR_STOP          0x800'0f9d   0x16  Code  Gb  motor.o [6]
MemManage_Handler        0x800'1eb5    0x2  Code  Gb  stm32f10x_it.o [7]
NMI_Handler              0x800'1eb1    0x2  Code  Gb  stm32f10x_it.o [7]
NVIC_Configuration       0x800'03e1   0xb4  Code  Gb  configuration.o [6]
NVIC_Init                0x800'0d23   0x60  Code  Gb  misc.o [5]
NVIC_PriorityGroupConfig
                         0x800'0d19    0xa  Code  Gb  misc.o [5]
ONE_TICK_CLOCKWISE_ROTATION
                         0x800'1019   0x1a  Code  Gb  motor.o [6]
ONE_TICK_COUNTER_CLOCKWISE_ROTATION
                         0x800'1033   0x1a  Code  Gb  motor.o [6]
OTG_FS_IRQHandler        0x800'1ff1         Code  Wk  startup_stm32f10x_cl.o [3]
OTG_FS_WKUP_IRQHandler   0x800'1fa9         Code  Wk  startup_stm32f10x_cl.o [3]
PVD_IRQHandler           0x800'1f05         Code  Wk  startup_stm32f10x_cl.o [3]
PWM_Configuration        0x800'0495   0xb2  Code  Gb  configuration.o [6]
PendSV_Handler           0x800'1ebf    0x2  Code  Gb  stm32f10x_it.o [7]
RCC_APB1PeriphClockCmd   0x800'090f   0x1c  Code  Gb  stm32f10x_rcc.o [5]
RCC_APB2PeriphClockCmd   0x800'08f3   0x1c  Code  Gb  stm32f10x_rcc.o [5]
RCC_Configuration        0x800'0151   0x62  Code  Gb  configuration.o [6]
RCC_GetClocksFreq        0x800'0805   0xee  Code  Gb  stm32f10x_rcc.o [5]
RCC_IRQHandler           0x800'1f15         Code  Wk  startup_stm32f10x_cl.o [3]
RIGHT_MOTOR_BACKWARD     0x800'0fc9   0x16  Code  Gb  motor.o [6]
RIGHT_MOTOR_FORWARD      0x800'0fb3   0x16  Code  Gb  motor.o [6]
RIGHT_MOTOR_STOP         0x800'0fdf   0x16  Code  Gb  motor.o [6]
RTCAlarm_IRQHandler      0x800'1fa5         Code  Wk  startup_stm32f10x_cl.o [3]
RTC_IRQHandler           0x800'1f0d         Code  Wk  startup_stm32f10x_cl.o [3]
Region$$Table$$Base      0x800'1e3c          --   Gb  - Linker created -
Region$$Table$$Limit     0x800'1e4c          --   Gb  - Linker created -
Reset_Handler            0x800'1ec5         Code  Wk  startup_stm32f10x_cl.o [3]
Right_Interrupt_Status  0x2000'0050    0x2  Data  Gb  configuration.o [6]
SPI1_IRQHandler          0x800'1f8d         Code  Wk  startup_stm32f10x_cl.o [3]
SPI2_IRQHandler          0x800'1f91         Code  Wk  startup_stm32f10x_cl.o [3]
SPI3_IRQHandler          0x800'1fb1         Code  Wk  startup_stm32f10x_cl.o [3]
STOP                     0x800'0ff5    0xc  Code  Gb  motor.o [6]
SVC_Handler              0x800'1ebb    0x2  Code  Gb  stm32f10x_it.o [7]
SetSysClock              0x800'1cd3    0x8  Code  Lc  system_stm32f10x.o [2]
SetSysClockTo72          0x800'1cdb   0xd2  Code  Lc  system_stm32f10x.o [2]
SysTick_Handler          0x800'1ec1    0x2  Code  Gb  stm32f10x_it.o [7]
SystemCoreClock         0x2000'0014    0x4  Data  Gb  system_stm32f10x.o [2]
SystemInit               0x800'1c81   0x52  Code  Gb  system_stm32f10x.o [2]
TAMPER_IRQHandler        0x800'1f09         Code  Wk  startup_stm32f10x_cl.o [3]
TIM1_BRK_IRQHandler      0x800'1f61         Code  Wk  startup_stm32f10x_cl.o [3]
TIM1_CC_IRQHandler       0x800'1f6d         Code  Wk  startup_stm32f10x_cl.o [3]
TIM1_TRG_COM_IRQHandler
                         0x800'1f69         Code  Wk  startup_stm32f10x_cl.o [3]
TIM1_UP_IRQHandler       0x800'1f65         Code  Wk  startup_stm32f10x_cl.o [3]
TIM2_IRQHandler          0x800'0689   0x48  Code  Gb  configuration.o [6]
TIM3_IRQHandler          0x800'1f75         Code  Wk  startup_stm32f10x_cl.o [3]
TIM4_IRQHandler          0x800'06d1   0x7a  Code  Gb  configuration.o [6]
TIM5_IRQHandler          0x800'1fad         Code  Wk  startup_stm32f10x_cl.o [3]
TIM6_IRQHandler          0x800'1fbd         Code  Wk  startup_stm32f10x_cl.o [3]
TIM7_IRQHandler          0x800'1fc1         Code  Wk  startup_stm32f10x_cl.o [3]
TIM_ARRPreloadConfig     0x800'0ee7   0x1c  Code  Gb  stm32f10x_tim.o [5]
TIM_ClearITPendingBit    0x800'0f3b    0x8  Code  Gb  stm32f10x_tim.o [5]
TIM_Cmd                  0x800'0eb3   0x1c  Code  Gb  stm32f10x_tim.o [5]
TIM_GetITStatus          0x800'0f17   0x24  Code  Gb  stm32f10x_tim.o [5]
TIM_ITConfig             0x800'0ecf   0x18  Code  Gb  stm32f10x_tim.o [5]
TIM_OC3Init              0x800'0e2b   0x88  Code  Gb  stm32f10x_tim.o [5]
TIM_OC3PreloadConfig     0x800'0f03   0x10  Code  Gb  stm32f10x_tim.o [5]
TIM_OCInitStructure     0x2000'0034   0x10  Data  Gb  configuration.o [6]
TIM_SetCounter           0x800'0f13    0x4  Code  Gb  stm32f10x_tim.o [5]
TIM_TimeBaseInit         0x800'0d99   0x92  Code  Gb  stm32f10x_tim.o [5]
TIM_TimeBaseStructure   0x2000'0028    0xc  Data  Gb  configuration.o [6]
UART4_IRQHandler         0x800'1fb5         Code  Wk  startup_stm32f10x_cl.o [3]
UART5_IRQHandler         0x800'1fb9         Code  Wk  startup_stm32f10x_cl.o [3]
USART12_Init             0x800'0355   0x8c  Code  Gb  configuration.o [6]
USART1_IRQHandler        0x800'074b   0x2e  Code  Gb  configuration.o [6]
USART2_IRQHandler        0x800'0779   0x4c  Code  Gb  configuration.o [6]
USART3_IRQHandler        0x800'1f9d         Code  Wk  startup_stm32f10x_cl.o [3]
USART_ClearITPendingBit
                         0x800'0cc9   0x16  Code  Gb  stm32f10x_usart.o [5]
USART_Cmd                0x800'0bf9   0x1c  Code  Gb  stm32f10x_usart.o [5]
USART_GetITStatus        0x800'0c6f   0x5a  Code  Gb  stm32f10x_usart.o [5]
USART_ITConfig           0x800'0c15   0x4a  Code  Gb  stm32f10x_usart.o [5]
USART_Init               0x800'0b39   0xba  Code  Gb  stm32f10x_usart.o [5]
USART_ReceiveData        0x800'0c67    0x8  Code  Gb  stm32f10x_usart.o [5]
USART_SendData           0x800'0c5f    0x8  Code  Gb  stm32f10x_usart.o [5]
UsageFault_Handler       0x800'1eb9    0x2  Code  Gb  stm32f10x_it.o [7]
WWDG_IRQHandler          0x800'1f01         Code  Wk  startup_stm32f10x_cl.o [3]
__aeabi_cfcmple          0x800'1acd         Code  Gb  FltCmpLe.o [9]
__aeabi_d2f              0x800'1575         Code  Gb  DblToFlt.o [9]
__aeabi_dadd             0x800'1325         Code  Gb  DblAddSub.o [9]
__aeabi_ddiv             0x800'17ad         Code  Gb  DblDiv.o [9]
__aeabi_dmul             0x800'1601         Code  Gb  DblMul.o [9]
__aeabi_f2d              0x800'12b9         Code  Gb  FltToDbl.o [9]
__aeabi_f2iz             0x800'1c59         Code  Gb  FltToS32.o [9]
__aeabi_fadd             0x800'1af5         Code  Gb  FltAddSub.o [9]
__aeabi_fmul             0x800'19f5         Code  Gb  FltMul.o [9]
__aeabi_i2d              0x800'1301         Code  Gb  S32ToDbl.o [9]
__aeabi_i2f              0x800'15dd         Code  Gb  S32ToFlt.o [9]
__cmain                  0x800'1e4d         Code  Gb  cmain.o [10]
__exit                   0x800'1e81   0x14  Code  Gb  exit.o [11]
__iar_Sin32              0x800'1085  0x1fa  Code  Lc  cos_sin32.o [9]
__iar_cos32              0x800'12b1    0x4  Code  Gb  cos_sin32.o [9]
__iar_cos_medium32       0x800'12b1    0x4  Code  Gb  cos_sin32.o [9]
__iar_cos_mediumf        0x800'12b1    0x4  Code  Gb  cos_sin32.o [9]
__iar_data_init3         0x800'1e15   0x28  Code  Gb  data_init.o [10]
__iar_packbits_init_single3
                         0x800'0cdf   0x3a  Code  Gb  packbits_init_single.o [10]
__iar_program_start      0x800'1e95         Code  Gb  cstartup_M.o [10]
__iar_sin32              0x800'12b5    0x4  Code  Gb  cos_sin32.o [9]
__iar_sin_medium32       0x800'12b5    0x4  Code  Gb  cos_sin32.o [9]
__iar_sin_mediumf        0x800'12b5    0x4  Code  Gb  cos_sin32.o [9]
__low_level_init         0x800'1e6b    0x4  Code  Gb  low_level_init.o [8]
__vector_table           0x800'0000         Data  Gb  startup_stm32f10x_cl.o [3]
_call_main               0x800'1e59         Code  Gb  cmain.o [10]
_exit                    0x800'1e75         Code  Gb  cexit.o [10]
cosf                     0x800'12b1    0x4  Code  Gb  cos_sin32.o [9]
exit                     0x800'1e6f    0x4  Code  Gb  exit.o [8]
global_Current_Point    0x2000'0048    0x8  Data  Gb  move.o [6]
global_Theta            0x2000'0044    0x4  Data  Gb  move.o [6]
isClockWise             0x2000'001c    0x4  Data  Gb  configuration.o [6]
isInturrupted           0x2000'0018    0x4  Data  Gb  configuration.o [6]
main                     0x800'1dd1   0x3c  Code  Gb  main.o [7]
sinf                     0x800'12b5    0x4  Code  Gb  cos_sin32.o [9]
thetaToRad               0x800'1059   0x20  Code  Gb  move.o [6]


[1] = C:\Users\hyuunnnn\Desktop\temptemp\testing-ground-cda8245e2e235e810093876e6cf13ad1e43a4a22\PROJECT\Debug\Obj\CoreSupport
[2] = C:\Users\hyuunnnn\Desktop\temptemp\testing-ground-cda8245e2e235e810093876e6cf13ad1e43a4a22\PROJECT\Debug\Obj\libraries\CMSIS\DeviceSupport
[3] = C:\Users\hyuunnnn\Desktop\temptemp\testing-ground-cda8245e2e235e810093876e6cf13ad1e43a4a22\PROJECT\Debug\Obj\libraries\CMSIS\DeviceSupport\Startup
[4] = C:\Users\hyuunnnn\Desktop\temptemp\testing-ground-cda8245e2e235e810093876e6cf13ad1e43a4a22\PROJECT\Debug\Obj\libraries\LCD
[5] = C:\Users\hyuunnnn\Desktop\temptemp\testing-ground-cda8245e2e235e810093876e6cf13ad1e43a4a22\PROJECT\Debug\Obj\libraries\STM32F10x_StdPeriph_Driver_v3.5\src
[6] = C:\Users\hyuunnnn\Desktop\temptemp\testing-ground-cda8245e2e235e810093876e6cf13ad1e43a4a22\PROJECT\Debug\Obj\libraries\USER
[7] = C:\Users\hyuunnnn\Desktop\temptemp\testing-ground-cda8245e2e235e810093876e6cf13ad1e43a4a22\PROJECT\Debug\Obj\user
[8] = dl7M_tln.a
[9] = m7M_tl.a
[10] = rt7M_tl.a
[11] = shb_l.a

  8'156 bytes of readonly  code memory
     49 bytes of readonly  data memory
  4'178 bytes of readwrite data memory

Errors: none
Warnings: none
